// Jest Snapshot v1, https://goo.gl/fbAQLP

exports[`render MovieCard renders MovieCard 1`] = `
<article
  className="small-movie-card catalog__movies-card"
  onMouseEnter={[Function]}
  onMouseLeave={[MockFunction]}
>
  <a
    className="small-movie-card__image"
    href="#"
    onClick={[Function]}
  >
    <img
      alt="Poster for: Fantastic Beasts: The Crimes of Grindelwald"
      className="small-movie-card__image"
      height="175"
      src="img/fantastic-beasts-the-crimes-of-grindelwald.jpg"
      width="280"
    />
  </a>
  <h3
    className="small-movie-card__title"
  >
    <a
      className="small-movie-card__link"
      onClick={[Function]}
    >
      Fantastic Beasts: The Crimes of Grindelwald
    </a>
  </h3>
</article>
`;
